Igna Dwi Utami@IgnaDwiUtami MINGW64 /g
$ mkdir rhymes

Igna Dwi Utami@IgnaDwiUtami MINGW64 /g
$ cd rhymes

Igna Dwi Utami@IgnaDwiUtami MINGW64 /g/rhymes
$ git init
Initialized empty Git repository in G:/rhymes/.git/

Igna Dwi Utami@IgnaDwiUtami MINGW64 /g/rhymes (master)
$ touch README.txt
git commit -m 'First commit.'
Igna Dwi Utami@IgnaDwiUtami MINGW64 /g/rhymes (master)
$ git add README.txt

Igna Dwi Utami@IgnaDwiUtami MINGW64 /g/rhymes (master)
$ git commit -m 'First commit.'
[master (root-commit) 6567e03] First commit.
 1 file changed, 0 insertions(+), 0 deletions(-)
 create mode 100644 README.txt

Igna Dwi Utami@IgnaDwiUtami MINGW64 /g/rhymes (master)
$ echo 'This repo is a collection of my favorite nursery rhymes.' >> README.txt

Igna Dwi Utami@IgnaDwiUtami MINGW64 /g/rhymes (master)
$ git status
git add README.txt
git commit -m 'Added project overview to README.txt'On branch master
Changes not staged for commit:
  (use "git add <file>..." to update what will be committed)
  (use "git restore <file>..." to discard changes in working directory)
        modified:   README.txt

no changes added to commit (use "git add" and/or "git commit -a")

Igna Dwi Utami@IgnaDwiUtami MINGW64 /g/rhymes (master)
$ git diff
warning: LF will be replaced by CRLF in README.txt.
The file will have its original line endings in your working directory
diff --git a/README.txt b/README.txt
index e69de29..c83e022 100644
--- a/README.txt
+++ b/README.txt
@@ -0,0 +1 @@
+This repo is a collection of my favorite nursery rhymes.

Igna Dwi Utami@IgnaDwiUtami MINGW64 /g/rhymes (master)
$ git add README.txt
warning: LF will be replaced by CRLF in README.txt.
The file will have its original line endings in your working directory

Igna Dwi Utami@IgnaDwiUtami MINGW64 /g/rhymes (master)
$ git commit -m 'Added project overview to README.txt'
[master 4d17eb4] Added project overview to README.txt
 1 file changed, 1 insertion(+)

Igna Dwi Utami@IgnaDwiUtami MINGW64 /g/rhymes (master)
$ wget https://www.acquia.com/sites/default/files/blog/all-around-the-mulberry-bush.txt
wget https://www.acquia.com/sites/default/files/blog/old-mother-hubbard.txt
wget https://www.acquia.com/sites/default/files/blog/twinkle-twinkle.txt
wget https://www.acquia.com/sites/default/files/blog/hokey-pokey.txt
bash: wget: command not found

Igna Dwi Utami@IgnaDwiUtami MINGW64 /g/rhymes (master)
$ wget https://www.acquia.com/sites/default/files/blog/jack-and-jill.txt
bash: wget: command not found

Igna Dwi Utami@IgnaDwiUtami MINGW64 /g/rhymes (master)
$ wget https://www.acquia.com/sites/default/files/blog/old-mother-hubbard.txt
bash: wget: command not found

Igna Dwi Utami@IgnaDwiUtami MINGW64 /g/rhymes (master)
$ wget https://www.acquia.com/sites/default/files/blog/twinkle-twinkle.txt
bash: wget: command not found

Igna Dwi Utami@IgnaDwiUtami MINGW64 /g/rhymes (master)
$ wget https://www.acquia.com/sites/default/files/blog/hokey-pokey.txt
bash: wget: command not found

Igna Dwi Utami@IgnaDwiUtami MINGW64 /g/rhymes (master)
$ ggit commit -mit add all-around-the-mulberry-bush.txt
fatal: pathspec 'all-around-the-mulberry-bush.txt' did not match any files

Igna Dwi Utami@IgnaDwiUtami MINGW64 /g/rhymes (master)
$ git status
On branch master
Untracked files:
  (use "git add <file>..." to include in what will be committed)
        connect.php
        hasil.php
        index.html

nothing added to commit but untracked files present (use "git add" to track)

Igna Dwi Utami@IgnaDwiUtami MINGW64 /g/rhymes (master)
$ git commit -m 'add login script'
On branch master
Untracked files:
        connect.php
        hasil.php
        index.html

nothing added to commit but untracked files present

Igna Dwi Utami@IgnaDwiUtami MINGW64 /g/rhymes (master)
$ git add .

Igna Dwi Utami@IgnaDwiUtami MINGW64 /g/rhymes (master)
$ git commit -am "add login script"
[master 33c25c1] add login script
 3 files changed, 58 insertions(+)
 create mode 100644 connect.php
 create mode 100644 hasil.php
 create mode 100644 index.html

Igna Dwi Utami@IgnaDwiUtami MINGW64 /g/rhymes (master)
$ ggit log -pit log
commit 33c25c1b5bbe65330ced996bcdcdc6768630d0a9 (HEAD -> master)
Author: ignadwi19 <ignadwi19@gmail.com>
Date:   Sun Oct 6 18:22:13 2019 +0700

    add login script

commit 4d17eb4df3b040c448802aff2e594f66c2d441ae
Author: ignadwi19 <ignadwi19@gmail.com>
Date:   Sun Oct 6 18:19:46 2019 +0700

    Added project overview to README.txt

commit 6567e03531504c44fa21f1d8456d8bbce4e8c851
Author: ignadwi19 <ignadwi19@gmail.com>
Date:   Sun Oct 6 18:19:02 2019 +0700

    First commit.

Igna Dwi Utami@IgnaDwiUtami MINGW64 /g/rhymes (master)
$ git log --oneline
33c25c1 (HEAD -> master) add login script
4d17eb4 Added project overview to README.txt
6567e03 First commit.

Igna Dwi Utami@IgnaDwiUtami MINGW64 /g/rhymes (master)
$ git log -p
commit 33c25c1b5bbe65330ced996bcdcdc6768630d0a9 (HEAD -> master)
Author: ignadwi19 <ignadwi19@gmail.com>
Date:   Sun Oct 6 18:22:13 2019 +0700

    add login script


Igna Dwi Utami@IgnaDwiUtami MINGW64 /g/rhymes (master)
$ git clone https://github.com/bryanhirsch/rhymes.git
Cloning into 'rhymes'...
remote: Enumerating objects: 23, done.
remote: Total 23 (delta 0), reused 0 (delta 0), pack-reused 23
Unpacking objects: 100% (23/23), done.
